StartAddr: 0x0400
L.0x40000000    ; 0x0400    (Data)
L.0x5555D19B
L.0x7FFFFFFF
L.0x5437D134
L.54            ; 0x0410    (ADD)
L.49
L.39            ;           (ADDC)
L.52
L.53            ; 0x0420    
L.0x80000000    ;           (ADDV)
L.0x7FFFFFFE    ;           
L.0             ;           (DT)
L.0xFFFFFF9B    ; 0x0430    (EXT)
L.0xFFFFD19B    ; 
L.0x0000009B
L.0x0000D19B
L.23            ; 0x0440    (NEG)
L.22            ; 
L.-49
L.0
L.67            ; 0x0450    (SUB)
L.70
L.58            ;           (SUBC)
L.-22
L.0x80000000    ; 0x0460    (SUBV)
L.0x7FFFFFFF
L.1
L.0
L.0
L.0
L.0