StartAddr: 0x0400
L.1023
L.15
L.27
L.63
L.1023
L.0
L.0
L.0