StartAddr: 0x0400
L.1
L.63
L.2
L.9
L.19
L.37
L.36
L.1
L.0
L.0
L.0
L.0