StartAddr: 0x0400
B.-5                ; 0x400
B.68
W.2000
L.-6000
B.-36               ; 0x408
B.0
W.-4500
L.1357902468
L.0x01234567        ; 0x410
L.0x89ABCDEF
L.0                 ; 0x418
L.0
B.-5                ; 0x420
B.68
B.0xD0
B.0x90
W.2000
W.-4500
L.1357902468        ; 0x428
L.-6000
W.2000              ; 0x430
B.-36
B.-5
B.17               
B.-4
W.-6000             
L.0                 ; 0x438
L.1357902468
L.-36               ; 0x440
L.-4500
L.1357902468        ; 0x448
B.-36
B.0
W.-4500
L.-6000             ; 0x450
L.-36
L.2000              ; 0x458
L.1357902468
B.-36               ; 0x460
B.0
W.-4500
L.-6000
L.-36               ; 0x468
L.-4500
L.1357902468        ; 0x470
L.0xFFFFDE02
L.0x64377B04        ; 0x478
L.0xF8
L.0x01236745        ; 0x480
L.0x45670123
L.0x456789AB        ; 0x488
L.1
L.0
L.0
L.0
L.0