StartAddr: 0x0100
B.0
B.1
B.1
B.2
B.3
B.5
B.8
B.13
B.21
B.34
B.55
B.89
