StartAddr: 0x0400
L.b00101010101111000101110101001010 ; MSB=0,LSB=0
L.b10111011101111010111010111001011 ; MSB=1,LSB=1
L.0                                 ; 0x0408
L.0
L.b01010101011110001011101010010100 ; 0x0410 (ROT)
L.b01110111011110101110101110010111
L.b00010101010111100010111010100101 ; 0x0418
L.b11011101110111101011101011100101
L.b01010101011110001011101010010101 ; 0x0420 (ROTC)
L.b01110111011110101110101110010110
L.b10010101010111100010111010100101 ; 0x0428
L.b01011101110111101011101011100101
L.b01010101011110001011101010010100 ; 0x0430 (SHA)
L.b01110111011110101110101110010110
L.b00010101010111100010111010100101 ; 0x0438
L.b11011101110111101011101011100101
L.b00101010101111000101110101001010 ; 0x0440 (SHL)
L.b01110111011110101110101110010110
L.b00010101010111100010111010100101 ; 0x0448
L.b01011101110111101011101011100101
L.b10101010111100010111010100101000 ; 0x0450 (SHL2)
L.b00101010101111000101110101001010
L.b10111100010111010100101000000000 ; 0x0458 (SHL8)
L.b00000000101111000101110101001010
L.b01011101010010100000000000000000 ; 0x0460 (SHL16)
L.b00000000000000000101110101001010
L.1