StartStartAddr: 0x0400
L.1024
L.80
L.2048
L.432
L.0
L.0
L.0xFFFFFFFC
L.62
L.1024
L.23
L.80
L.42
L.2048
L.98
L.432
L.1